Starting debug...
Caught exception:
Traceback (most recent call last):
  File "C:\New folder\Projects\SSNS\CIIAS\debug_capture.py", line 12, in <module>
    app = create_app()
  File "C:\New folder\Projects\SSNS\CIIAS\app\__init__.py", line 59, in create_app
    from app import socket_events
  File "C:\New folder\Projects\SSNS\CIIAS\app\socket_events.py", line 3, in <module>
    from app.models import AuditLog, Shuttle, Incident
  File "C:\New folder\Projects\SSNS\CIIAS\app\models.py", line 920, in <module>
    class AuditLog(db.Model):
    ...<23 lines>...
            }
  File "C:\New folder\Projects\SSNS\.venv\Lib\site-packages\flask_sqlalchemy\model.py", line 92, in __init__
    super().__init__(name, bases, d, **kwargs)
    ~~~~~~~~~~~~~~~~^^^^^^^^^^^^^^^^^^^^^^^^^^
  File "C:\New folder\Projects\SSNS\.venv\Lib\site-packages\flask_sqlalchemy\model.py", line 144, in __init__
    super().__init__(name, bases, d, **kwargs)
    ~~~~~~~~~~~~~~~~^^^^^^^^^^^^^^^^^^^^^^^^^^
  File "C:\New folder\Projects\SSNS\.venv\Lib\site-packages\sqlalchemy\orm\decl_api.py", line 199, in __init__
    _as_declarative(reg, cls, dict_)
    ~~~~~~~~~~~~~~~^^^^^^^^^^^^^^^^^
  File "C:\New folder\Projects\SSNS\.venv\Lib\site-packages\sqlalchemy\orm\decl_base.py", line 245, in _as_declarative
    return _MapperConfig.setup_mapping(registry, cls, dict_, None, {})
           ~~~~~~~~~~~~~~~~~~~~~~~~~~~^^^^^^^^^^^^^^^^^^^^^^^^^^^^^^^^
  File "C:\New folder\Projects\SSNS\.venv\Lib\site-packages\sqlalchemy\orm\decl_base.py", line 326, in setup_mapping
    return _ClassScanMapperConfig(
        registry, cls_, dict_, table, mapper_kw
    )
  File "C:\New folder\Projects\SSNS\.venv\Lib\site-packages\sqlalchemy\orm\decl_base.py", line 577, in __init__
    self._setup_table(table)
    ~~~~~~~~~~~~~~~~~^^^^^^^
  File "C:\New folder\Projects\SSNS\.venv\Lib\site-packages\sqlalchemy\orm\decl_base.py", line 1762, in _setup_table
    table_cls(
    ~~~~~~~~~^
        tablename,
        ^^^^^^^^^^
    ...<3 lines>...
        **table_kw,
        ^^^^^^^^^^^
    ),
    ^
  File "C:\New folder\Projects\SSNS\.venv\Lib\site-packages\flask_sqlalchemy\model.py", line 171, in __table_cls__
    return sa.Table(*args, **kwargs)
           ~~~~~~~~^^^^^^^^^^^^^^^^^
  File "<string>", line 2, in __new__
  File "C:\New folder\Projects\SSNS\.venv\Lib\site-packages\sqlalchemy\util\deprecations.py", line 281, in warned
    return fn(*args, **kwargs)  # type: ignore[no-any-return]
  File "C:\New folder\Projects\SSNS\.venv\Lib\site-packages\sqlalchemy\sql\schema.py", line 429, in __new__
    return cls._new(*args, **kw)
           ~~~~~~~~^^^^^^^^^^^^^
  File "C:\New folder\Projects\SSNS\.venv\Lib\site-packages\sqlalchemy\sql\schema.py", line 461, in _new
    raise exc.InvalidRequestError(
    ...<5 lines>...
    )
sqlalchemy.exc.InvalidRequestError: Table 'audit_logs' is already defined for this MetaData instance.  Specify 'extend_existing=True' to redefine options and columns on an existing Table object.
